[2026-07-03 16:17:35] Processing CRF queue update for 1382230.
[2026-07-03 16:17:35] Workbook looks free. Waiting 30 seconds for OneDrive to settle...
[2026-07-03 16:18:05] Saving workbook to C:\Users\kmageshkumar\Downloads\AMAT SGP CRF Tracker.xlsx...
[2026-07-03 16:18:05] Workbook save complete.
[2026-07-03 16:18:05] CRF 1382230 staged for sync.
[2026-07-03 16:18:05] Workbook looks free. Waiting 30 seconds for OneDrive to settle...
[2026-07-03 16:18:35] Workbook looks free. Waiting 30 seconds for OneDrive to settle...
[2026-07-03 16:19:05] Saving workbook to C:\Users\kmageshkumar\OneDrive - Ichor Systems\AMAT SGP CRF Tracker.xlsx...
[2026-07-03 16:19:05] Workbook protection and editable-range metadata preserved.
[2026-07-03 16:19:05] Workbook save complete.
[2026-07-03 16:19:05] CRF target table 'Table1' updated with 1 row(s).
[2026-07-03 16:19:05] Workbook looks free. Waiting 30 seconds for OneDrive to settle...
[2026-07-03 16:19:35] Saving workbook to C:\Users\kmageshkumar\Downloads\AMAT SGP CRF Tracker.xlsx...
[2026-07-03 16:19:35] Workbook save complete.
[2026-07-03 16:19:35] Processed CRF rows removed from the staging queue.
[2026-07-03 20:21:50] Processing CRF queue update for 1386239.
[2026-07-03 20:21:50] Workbook looks free. Waiting 30 seconds for OneDrive to settle...
[2026-07-03 20:22:20] Saving workbook to C:\Users\kmageshkumar\Downloads\AMAT SGP CRF Tracker.xlsx...
[2026-07-03 20:22:20] Workbook save complete.
[2026-07-03 20:22:20] CRF 1386239 staged for sync.
[2026-07-03 20:22:20] Workbook looks free. Waiting 30 seconds for OneDrive to settle...
[2026-07-03 20:22:50] Workbook looks free. Waiting 30 seconds for OneDrive to settle...
[2026-07-03 20:23:20] Saving workbook to C:\Users\kmageshkumar\OneDrive - Ichor Systems\AMAT SGP CRF Tracker.xlsx...
[2026-07-03 20:23:20] Workbook protection and editable-range metadata preserved.
[2026-07-03 20:23:20] Workbook save complete.
[2026-07-03 20:23:20] CRF target table 'Table1' updated with 1 row(s).
[2026-07-03 20:23:20] Workbook looks free. Waiting 30 seconds for OneDrive to settle...
[2026-07-03 20:23:50] Saving workbook to C:\Users\kmageshkumar\Downloads\AMAT SGP CRF Tracker.xlsx...
[2026-07-03 20:23:50] Workbook save complete.
[2026-07-03 20:23:50] Processed CRF rows removed from the staging queue.
