[2026-07-06 10:24:29] Workbook looks free. Waiting 30 seconds for OneDrive to settle...
[2026-07-06 10:24:59] Workbook looks free. Waiting 30 seconds for OneDrive to settle...
[2026-07-06 10:25:29] Opening target workbook: C:\Users\kmageshkumar\OneDrive - Ichor Systems\AMAT SGP ECO Tracker.xlsx
[2026-07-06 10:25:29] Writing 8 row(s) into table 'Table1'...
[2026-07-06 10:25:29] Workbook looks free. Waiting 30 seconds for OneDrive to settle...
[2026-07-06 10:25:59] Saving workbook to C:\Users\kmageshkumar\OneDrive - Ichor Systems\AMAT SGP ECO Tracker.xlsx...
[2026-07-06 10:26:00] Workbook protection and editable-range metadata preserved.
[2026-07-06 10:26:00] Workbook save complete.
[2026-07-06 10:26:00] Upload complete. 8 row(s) appended.
[2026-07-06 10:57:48] Workbook looks free. Waiting 30 seconds for OneDrive to settle...
[2026-07-06 10:58:18] Workbook looks free. Waiting 30 seconds for OneDrive to settle...
[2026-07-06 10:58:48] Opening target workbook: C:\Users\kmageshkumar\OneDrive - Ichor Systems\AMAT SGP ECO Tracker.xlsx
[2026-07-06 10:58:48] Writing 3 row(s) into table 'Table1'...
[2026-07-06 10:58:48] Workbook looks free. Waiting 30 seconds for OneDrive to settle...
[2026-07-06 10:59:18] Saving workbook to C:\Users\kmageshkumar\OneDrive - Ichor Systems\AMAT SGP ECO Tracker.xlsx...
[2026-07-06 10:59:18] Workbook protection and editable-range metadata preserved.
[2026-07-06 10:59:18] Workbook save complete.
[2026-07-06 10:59:18] Workbook looks free. Waiting 30 seconds for OneDrive to settle...
[2026-07-06 10:59:48] Saving workbook to C:\Users\kmageshkumar\Downloads\AMAT SGP ECO Tracker.xlsx...
[2026-07-06 10:59:48] Workbook save complete.
[2026-07-06 10:59:48] Processed rows removed from source workbook queue.
[2026-07-06 10:59:48] Upload complete. 3 row(s) appended.
[2026-07-09 09:55:45] Workbook looks free. Waiting 30 seconds for OneDrive to settle...
[2026-07-09 09:56:15] Workbook looks free. Waiting 30 seconds for OneDrive to settle...
[2026-07-09 09:56:45] Opening target workbook: C:\Users\kmageshkumar\OneDrive - Ichor Systems\AMAT SGP ECO Tracker.xlsx
[2026-07-09 09:56:45] Writing 6 row(s) into table 'Table1'...
[2026-07-09 09:56:45] Workbook looks free. Waiting 30 seconds for OneDrive to settle...
[2026-07-09 09:57:15] Saving workbook to C:\Users\kmageshkumar\OneDrive - Ichor Systems\AMAT SGP ECO Tracker.xlsx...
[2026-07-09 09:57:15] Workbook protection and editable-range metadata preserved.
[2026-07-09 09:57:15] Workbook save complete.
[2026-07-09 09:57:15] Workbook looks free. Waiting 30 seconds for OneDrive to settle...
[2026-07-09 09:57:45] Saving workbook to C:\Users\kmageshkumar\Downloads\AMAT SGP ECO Tracker.xlsx...
[2026-07-09 09:57:45] Workbook save complete.
[2026-07-09 09:57:45] Processed rows removed from source workbook queue.
[2026-07-09 09:57:45] Upload complete. 6 row(s) appended.
[2026-07-10 15:21:03] Workbook looks free. Waiting 30 seconds for OneDrive to settle...
[2026-07-10 15:21:33] Workbook looks free. Waiting 30 seconds for OneDrive to settle...
[2026-07-10 15:22:03] Opening target workbook: C:\Users\kmageshkumar\OneDrive - Ichor Systems\AMAT SGP ECO Tracker.xlsx
[2026-07-10 15:22:03] Writing 12 row(s) into table 'Table1'...
[2026-07-10 15:22:03] Workbook looks free. Waiting 30 seconds for OneDrive to settle...
[2026-07-10 15:22:33] Saving workbook to C:\Users\kmageshkumar\OneDrive - Ichor Systems\AMAT SGP ECO Tracker.xlsx...
[2026-07-10 15:22:33] Workbook protection and editable-range metadata preserved.
[2026-07-10 15:22:33] Workbook save complete.
[2026-07-10 15:22:33] Workbook looks free. Waiting 30 seconds for OneDrive to settle...
[2026-07-10 15:23:03] Saving workbook to C:\Users\kmageshkumar\Downloads\AMAT SGP ECO Tracker.xlsx...
[2026-07-10 15:23:03] Workbook save complete.
[2026-07-10 15:23:03] Processed rows removed from source workbook queue.
[2026-07-10 15:23:03] Upload complete. 12 row(s) appended.
[2026-07-10 15:46:22] Workbook looks free. Waiting 30 seconds for OneDrive to settle...
[2026-07-10 15:46:52] Workbook looks free. Waiting 30 seconds for OneDrive to settle...
[2026-07-10 15:47:22] No new rows to append after duplicate check.
[2026-07-10 15:47:22] Workbook looks free. Waiting 30 seconds for OneDrive to settle...
[2026-07-10 15:47:52] Saving workbook to C:\Users\kmageshkumar\Downloads\AMAT SGP ECO Tracker.xlsx...
[2026-07-10 15:47:52] Workbook save complete.
[2026-07-10 15:47:52] Processed rows removed from source workbook queue.
[2026-07-10 15:47:52] Upload complete. 0 row(s) appended.
[2026-07-12 12:18:26] Workbook looks free. Waiting 30 seconds for OneDrive to settle...
[2026-07-12 12:18:56] Workbook looks free. Waiting 30 seconds for OneDrive to settle...
[2026-07-12 12:19:26] Opening target workbook: C:\Users\kmageshkumar\OneDrive - Ichor Systems\AMAT SGP ECO Tracker.xlsx
[2026-07-12 12:19:26] Writing 23 row(s) into table 'Table1'...
[2026-07-12 12:19:26] Workbook looks free. Waiting 30 seconds for OneDrive to settle...
[2026-07-12 12:19:56] Saving workbook to C:\Users\kmageshkumar\OneDrive - Ichor Systems\AMAT SGP ECO Tracker.xlsx...
[2026-07-12 12:19:56] Workbook protection and editable-range metadata preserved.
[2026-07-12 12:19:56] Workbook save complete.
[2026-07-12 12:19:56] Workbook looks free. Waiting 30 seconds for OneDrive to settle...
[2026-07-12 12:20:26] Saving workbook to C:\Users\kmageshkumar\Downloads\AMAT SGP ECO Tracker.xlsx...
[2026-07-12 12:20:26] Workbook save complete.
[2026-07-12 12:20:26] Processed rows removed from source workbook queue.
[2026-07-12 12:20:26] Upload complete. 23 row(s) appended.
[2026-07-15 09:18:25] Workbook looks free. Waiting 30 seconds for OneDrive to settle...
[2026-07-15 09:18:55] Workbook looks free. Waiting 30 seconds for OneDrive to settle...
[2026-07-15 09:19:25] Opening target workbook: C:\Users\kmageshkumar\OneDrive - Ichor Systems\AMAT SGP ECO Tracker.xlsx
[2026-07-15 09:19:25] Writing 18 row(s) into table 'Table1'...
[2026-07-15 09:19:25] Workbook looks free. Waiting 30 seconds for OneDrive to settle...
[2026-07-15 09:19:55] Saving workbook to C:\Users\kmageshkumar\OneDrive - Ichor Systems\AMAT SGP ECO Tracker.xlsx...
[2026-07-15 09:19:56] Workbook protection and editable-range metadata preserved.
[2026-07-15 09:19:56] Workbook save complete.
[2026-07-15 09:19:56] Workbook looks free. Waiting 30 seconds for OneDrive to settle...
[2026-07-15 09:20:26] Saving workbook to C:\Users\kmageshkumar\Downloads\AMAT SGP ECO Tracker.xlsx...
[2026-07-15 09:20:26] Workbook save complete.
[2026-07-15 09:20:26] Processed rows removed from source workbook queue.
[2026-07-15 09:20:26] Upload complete. 18 row(s) appended.
[2026-07-15 09:55:30] Workbook looks free. Waiting 30 seconds for OneDrive to settle...
[2026-07-15 09:56:00] Workbook looks free. Waiting 30 seconds for OneDrive to settle...
[2026-07-15 09:56:30] Opening target workbook: C:\Users\kmageshkumar\OneDrive - Ichor Systems\AMAT SGP ECO Tracker.xlsx
[2026-07-15 09:56:30] Writing 11 row(s) into table 'Table1'...
[2026-07-15 09:56:30] Workbook looks free. Waiting 30 seconds for OneDrive to settle...
[2026-07-15 09:57:00] Saving workbook to C:\Users\kmageshkumar\OneDrive - Ichor Systems\AMAT SGP ECO Tracker.xlsx...
[2026-07-15 09:57:00] Workbook protection and editable-range metadata preserved.
[2026-07-15 09:57:00] Workbook save complete.
[2026-07-15 09:57:00] Workbook looks free. Waiting 30 seconds for OneDrive to settle...
[2026-07-15 09:57:30] Saving workbook to C:\Users\kmageshkumar\Downloads\AMAT SGP ECO Tracker.xlsx...
[2026-07-15 09:57:30] Workbook save complete.
[2026-07-15 09:57:30] Processed rows removed from source workbook queue.
[2026-07-15 09:57:30] Upload complete. 11 row(s) appended.
[2026-07-15 16:01:46] Workbook looks free. Waiting 30 seconds for OneDrive to settle...
[2026-07-15 16:02:16] Workbook looks free. Waiting 30 seconds for OneDrive to settle...
[2026-07-15 16:02:46] Opening target workbook: C:\Users\kmageshkumar\OneDrive - Ichor Systems\AMAT SGP ECO Tracker.xlsx
[2026-07-15 16:02:46] Writing 8 row(s) into table 'Table1'...
[2026-07-15 16:02:46] Workbook looks free. Waiting 30 seconds for OneDrive to settle...
[2026-07-15 16:03:16] Saving workbook to C:\Users\kmageshkumar\OneDrive - Ichor Systems\AMAT SGP ECO Tracker.xlsx...
[2026-07-15 16:03:16] Workbook protection and editable-range metadata preserved.
[2026-07-15 16:03:16] Workbook save complete.
[2026-07-15 16:03:16] Workbook looks free. Waiting 30 seconds for OneDrive to settle...
[2026-07-15 16:03:46] Saving workbook to C:\Users\kmageshkumar\Downloads\AMAT SGP ECO Tracker.xlsx...
[2026-07-15 16:03:46] Workbook save complete.
[2026-07-15 16:03:46] Processed rows removed from source workbook queue.
[2026-07-15 16:03:46] Upload complete. 8 row(s) appended.
[2026-07-15 16:50:26] Workbook looks free. Waiting 30 seconds for OneDrive to settle...
[2026-07-15 16:50:56] Workbook looks free. Waiting 30 seconds for OneDrive to settle...
[2026-07-15 16:51:26] Opening target workbook: C:\Users\kmageshkumar\OneDrive - Ichor Systems\AMAT SGP ECO Tracker.xlsx
[2026-07-15 16:51:26] Writing 20 row(s) into table 'Table1'...
[2026-07-15 16:51:26] Workbook looks free. Waiting 30 seconds for OneDrive to settle...
[2026-07-15 16:51:56] Saving workbook to C:\Users\kmageshkumar\OneDrive - Ichor Systems\AMAT SGP ECO Tracker.xlsx...
[2026-07-15 16:51:56] Workbook protection and editable-range metadata preserved.
[2026-07-15 16:51:56] Workbook save complete.
[2026-07-15 16:51:56] Workbook looks free. Waiting 30 seconds for OneDrive to settle...
[2026-07-15 16:52:26] Saving workbook to C:\Users\kmageshkumar\Downloads\AMAT SGP ECO Tracker.xlsx...
[2026-07-15 16:52:26] Workbook save complete.
[2026-07-15 16:52:26] Processed rows removed from source workbook queue.
[2026-07-15 16:52:26] Upload complete. 20 row(s) appended.
[2026-07-17 11:39:05] Workbook looks free. Waiting 30 seconds for OneDrive to settle...
[2026-07-17 11:39:35] Workbook looks free. Waiting 30 seconds for OneDrive to settle...
[2026-07-17 11:40:05] Opening target workbook: C:\Users\kmageshkumar\OneDrive - Ichor Systems\AMAT SGP ECO Tracker.xlsx
[2026-07-17 11:40:05] Writing 2 row(s) into table 'Table1'...
[2026-07-17 11:40:05] Workbook looks free. Waiting 30 seconds for OneDrive to settle...
[2026-07-17 11:40:35] Saving workbook to C:\Users\kmageshkumar\OneDrive - Ichor Systems\AMAT SGP ECO Tracker.xlsx...
[2026-07-17 11:40:35] Workbook protection and editable-range metadata preserved.
[2026-07-17 11:40:35] Workbook save complete.
[2026-07-17 11:40:35] Workbook looks free. Waiting 30 seconds for OneDrive to settle...
[2026-07-17 11:41:05] Saving workbook to C:\Users\kmageshkumar\Downloads\AMAT SGP ECO Tracker.xlsx...
[2026-07-17 11:41:05] Workbook save complete.
[2026-07-17 11:41:05] Processed rows removed from source workbook queue.
[2026-07-17 11:41:05] Upload complete. 2 row(s) appended.
[2026-07-17 12:03:12] Workbook looks free. Waiting 30 seconds for OneDrive to settle...
[2026-07-17 12:03:42] Workbook looks free. Waiting 30 seconds for OneDrive to settle...
[2026-07-17 12:04:12] Opening target workbook: C:\Users\kmageshkumar\OneDrive - Ichor Systems\AMAT SGP ECO Tracker.xlsx
[2026-07-17 12:04:12] Writing 3 row(s) into table 'Table1'...
[2026-07-17 12:04:12] Workbook looks free. Waiting 30 seconds for OneDrive to settle...
[2026-07-17 12:04:42] Saving workbook to C:\Users\kmageshkumar\OneDrive - Ichor Systems\AMAT SGP ECO Tracker.xlsx...
[2026-07-17 12:04:42] Workbook protection and editable-range metadata preserved.
[2026-07-17 12:04:42] Workbook save complete.
[2026-07-17 12:04:42] Workbook looks free. Waiting 30 seconds for OneDrive to settle...
[2026-07-17 12:05:12] Saving workbook to C:\Users\kmageshkumar\Downloads\AMAT SGP ECO Tracker.xlsx...
[2026-07-17 12:05:12] Workbook save complete.
[2026-07-17 12:05:12] Processed rows removed from source workbook queue.
[2026-07-17 12:05:12] Upload complete. 3 row(s) appended.
[2026-07-20 09:11:42] Workbook looks free. Waiting 30 seconds for OneDrive to settle...
[2026-07-20 09:12:12] Workbook looks free. Waiting 30 seconds for OneDrive to settle...
[2026-07-20 09:12:42] Opening target workbook: C:\Users\kmageshkumar\OneDrive - Ichor Systems\AMAT SGP ECO Tracker.xlsx
[2026-07-20 09:12:42] Writing 3 row(s) into table 'Table1'...
[2026-07-20 09:12:42] Workbook looks free. Waiting 30 seconds for OneDrive to settle...
[2026-07-20 09:13:12] Saving workbook to C:\Users\kmageshkumar\OneDrive - Ichor Systems\AMAT SGP ECO Tracker.xlsx...
[2026-07-20 09:13:12] Workbook protection and editable-range metadata preserved.
[2026-07-20 09:13:12] Workbook save complete.
[2026-07-20 09:13:12] Workbook looks free. Waiting 30 seconds for OneDrive to settle...
[2026-07-20 09:13:42] Saving workbook to C:\Users\kmageshkumar\Downloads\AMAT SGP ECO Tracker.xlsx...
[2026-07-20 09:13:42] Workbook save complete.
[2026-07-20 09:13:42] Processed rows removed from source workbook queue.
[2026-07-20 09:13:42] Upload complete. 3 row(s) appended.
[2026-07-20 10:12:52] Workbook looks free. Waiting 30 seconds for OneDrive to settle...
[2026-07-20 10:13:22] Workbook looks free. Waiting 30 seconds for OneDrive to settle...
[2026-07-20 10:13:52] Opening target workbook: C:\Users\kmageshkumar\OneDrive - Ichor Systems\AMAT SGP ECO Tracker.xlsx
[2026-07-20 10:13:52] Writing 3 row(s) into table 'Table1'...
[2026-07-20 10:13:52] Workbook looks free. Waiting 30 seconds for OneDrive to settle...
[2026-07-20 10:14:22] Saving workbook to C:\Users\kmageshkumar\OneDrive - Ichor Systems\AMAT SGP ECO Tracker.xlsx...
[2026-07-20 10:14:22] Workbook protection and editable-range metadata preserved.
[2026-07-20 10:14:22] Workbook save complete.
[2026-07-20 10:14:22] Workbook looks free. Waiting 30 seconds for OneDrive to settle...
[2026-07-20 10:14:52] Saving workbook to C:\Users\kmageshkumar\Downloads\AMAT SGP ECO Tracker.xlsx...
[2026-07-20 10:14:52] Workbook save complete.
[2026-07-20 10:14:52] Processed rows removed from source workbook queue.
[2026-07-20 10:14:52] Upload complete. 3 row(s) appended.
[2026-07-21 09:09:07] Workbook looks free. Waiting 30 seconds for OneDrive to settle...
[2026-07-21 09:09:37] Workbook looks free. Waiting 30 seconds for OneDrive to settle...
[2026-07-21 09:10:07] Opening target workbook: C:\Users\kmageshkumar\OneDrive - Ichor Systems\AMAT SGP ECO Tracker.xlsx
[2026-07-21 09:10:07] Writing 8 row(s) into table 'Table1'...
[2026-07-21 09:10:07] Workbook looks free. Waiting 30 seconds for OneDrive to settle...
[2026-07-21 09:10:37] Saving workbook to C:\Users\kmageshkumar\OneDrive - Ichor Systems\AMAT SGP ECO Tracker.xlsx...
[2026-07-21 09:10:37] Workbook protection and editable-range metadata preserved.
[2026-07-21 09:10:37] Workbook save complete.
[2026-07-21 09:10:37] Workbook looks free. Waiting 30 seconds for OneDrive to settle...
[2026-07-21 09:11:07] Saving workbook to C:\Users\kmageshkumar\Downloads\AMAT SGP ECO Tracker.xlsx...
[2026-07-21 09:11:08] Workbook save complete.
[2026-07-21 09:11:08] Processed rows removed from source workbook queue.
[2026-07-21 09:11:08] Upload complete. 8 row(s) appended.
[2026-07-21 10:53:32] Workbook looks free. Waiting 30 seconds for OneDrive to settle...
[2026-07-21 10:54:02] Workbook looks free. Waiting 30 seconds for OneDrive to settle...
[2026-07-21 10:54:32] No new rows to append after duplicate check.
[2026-07-21 10:54:32] Workbook looks free. Waiting 30 seconds for OneDrive to settle...
[2026-07-21 10:55:02] Saving workbook to C:\Users\kmageshkumar\Downloads\AMAT SGP ECO Tracker.xlsx...
[2026-07-21 10:55:02] Workbook save complete.
[2026-07-21 10:55:02] Processed rows removed from source workbook queue.
[2026-07-21 10:55:02] Upload complete. 0 row(s) appended.
[2026-07-21 16:58:22] Workbook looks free. Waiting 30 seconds for OneDrive to settle...
[2026-07-21 16:58:52] Workbook looks free. Waiting 30 seconds for OneDrive to settle...
[2026-07-21 16:59:22] Opening target workbook: C:\Users\kmageshkumar\OneDrive - Ichor Systems\AMAT SGP ECO Tracker.xlsx
[2026-07-21 16:59:22] Writing 2 row(s) into table 'Table1'...
[2026-07-21 16:59:22] Workbook looks free. Waiting 30 seconds for OneDrive to settle...
[2026-07-21 16:59:52] Saving workbook to C:\Users\kmageshkumar\OneDrive - Ichor Systems\AMAT SGP ECO Tracker.xlsx...
[2026-07-21 16:59:52] Workbook protection and editable-range metadata preserved.
[2026-07-21 16:59:52] Workbook save complete.
[2026-07-21 16:59:52] Workbook looks free. Waiting 30 seconds for OneDrive to settle...
[2026-07-21 17:00:22] Saving workbook to C:\Users\kmageshkumar\Downloads\AMAT SGP ECO Tracker.xlsx...
[2026-07-21 17:00:22] Workbook save complete.
[2026-07-21 17:00:22] Processed rows removed from source workbook queue.
[2026-07-21 17:00:22] Upload complete. 2 row(s) appended.
[2026-07-21 20:19:09] Workbook looks free. Waiting 30 seconds for OneDrive to settle...
[2026-07-21 20:19:39] Workbook looks free. Waiting 30 seconds for OneDrive to settle...
[2026-07-21 20:20:09] No new rows to append after duplicate check.
[2026-07-21 20:20:09] Workbook looks free. Waiting 30 seconds for OneDrive to settle...
[2026-07-21 20:20:39] Saving workbook to C:\Users\kmageshkumar\Downloads\AMAT SGP ECO Tracker.xlsx...
[2026-07-21 20:20:39] Workbook save complete.
[2026-07-21 20:20:39] Processed rows removed from source workbook queue.
[2026-07-21 20:20:39] Upload complete. 0 row(s) appended.
[2026-07-21 20:21:25] Workbook looks free. Waiting 30 seconds for OneDrive to settle...
[2026-07-21 20:21:55] Workbook looks free. Waiting 30 seconds for OneDrive to settle...
[2026-07-21 20:22:25] No new rows to append after duplicate check.
[2026-07-21 20:22:25] Workbook looks free. Waiting 30 seconds for OneDrive to settle...
[2026-07-21 20:22:55] Saving workbook to C:\Users\kmageshkumar\Downloads\AMAT SGP ECO Tracker.xlsx...
[2026-07-21 20:22:55] Workbook save complete.
[2026-07-21 20:22:55] Processed rows removed from source workbook queue.
[2026-07-21 20:22:55] Upload complete. 0 row(s) appended.
[2026-07-22 14:20:45] Workbook looks free. Waiting 30 seconds for OneDrive to settle...
[2026-07-22 14:21:15] Workbook looks free. Waiting 30 seconds for OneDrive to settle...
[2026-07-22 14:21:45] Opening target workbook: C:\Users\kmageshkumar\OneDrive - Ichor Systems\AMAT SGP ECO Tracker.xlsx
[2026-07-22 14:21:46] Writing 11 row(s) into table 'Table1'...
[2026-07-22 14:21:46] Workbook looks free. Waiting 30 seconds for OneDrive to settle...
[2026-07-22 14:22:16] Saving workbook to C:\Users\kmageshkumar\OneDrive - Ichor Systems\AMAT SGP ECO Tracker.xlsx...
[2026-07-22 14:22:16] Workbook protection and editable-range metadata preserved.
[2026-07-22 14:22:16] Workbook save complete.
[2026-07-22 14:22:16] Workbook looks free. Waiting 30 seconds for OneDrive to settle...
[2026-07-22 14:22:46] Saving workbook to C:\Users\kmageshkumar\Downloads\AMAT SGP ECO Tracker.xlsx...
[2026-07-22 14:22:46] Workbook save complete.
[2026-07-22 14:22:46] Processed rows removed from source workbook queue.
[2026-07-22 14:22:46] Upload complete. 11 row(s) appended.
[2026-07-22 19:48:10] Workbook looks free. Waiting 30 seconds for OneDrive to settle...
[2026-07-22 19:48:40] Workbook looks free. Waiting 30 seconds for OneDrive to settle...
[2026-07-22 19:49:10] Opening target workbook: C:\Users\kmageshkumar\OneDrive - Ichor Systems\AMAT SGP ECO Tracker.xlsx
[2026-07-22 19:49:10] Writing 3 row(s) into table 'Table1'...
[2026-07-22 19:49:10] Workbook looks free. Waiting 30 seconds for OneDrive to settle...
[2026-07-22 19:49:40] Saving workbook to C:\Users\kmageshkumar\OneDrive - Ichor Systems\AMAT SGP ECO Tracker.xlsx...
[2026-07-22 19:49:40] Workbook protection and editable-range metadata preserved.
[2026-07-22 19:49:40] Workbook save complete.
[2026-07-22 19:49:40] Workbook looks free. Waiting 30 seconds for OneDrive to settle...
[2026-07-22 19:50:10] Saving workbook to C:\Users\kmageshkumar\Downloads\AMAT SGP ECO Tracker.xlsx...
[2026-07-22 19:50:10] Workbook save complete.
[2026-07-22 19:50:10] Processed rows removed from source workbook queue.
[2026-07-22 19:50:10] Upload complete. 3 row(s) appended.
[2026-07-23 14:13:36] Workbook looks free. Waiting 30 seconds for OneDrive to settle...
[2026-07-23 14:14:06] Workbook looks free. Waiting 30 seconds for OneDrive to settle...
[2026-07-23 14:14:36] No new rows to append after duplicate check.
[2026-07-23 14:14:36] Workbook looks free. Waiting 30 seconds for OneDrive to settle...
[2026-07-23 14:15:06] Saving workbook to C:\Users\kmageshkumar\Downloads\AMAT SGP ECO Tracker.xlsx...
[2026-07-23 14:15:06] Workbook save complete.
[2026-07-23 14:15:06] Processed rows removed from source workbook queue.
[2026-07-23 14:15:06] Upload complete. 0 row(s) appended.
[2026-07-23 22:48:05] Workbook looks free. Waiting 30 seconds for OneDrive to settle...
[2026-07-23 22:48:35] Workbook looks free. Waiting 30 seconds for OneDrive to settle...
[2026-07-23 22:49:06] Opening target workbook: C:\Users\kmageshkumar\OneDrive - Ichor Systems\AMAT SGP ECO Tracker.xlsx
[2026-07-23 22:49:06] Writing 10 row(s) into table 'Table1'...
[2026-07-23 22:49:06] Workbook looks free. Waiting 30 seconds for OneDrive to settle...
[2026-07-23 22:49:36] Saving workbook to C:\Users\kmageshkumar\OneDrive - Ichor Systems\AMAT SGP ECO Tracker.xlsx...
[2026-07-23 22:49:36] Workbook protection and editable-range metadata preserved.
[2026-07-23 22:49:36] Workbook save complete.
[2026-07-23 22:49:36] Workbook looks free. Waiting 30 seconds for OneDrive to settle...
[2026-07-23 22:50:06] Saving workbook to C:\Users\kmageshkumar\Downloads\AMAT SGP ECO Tracker.xlsx...
[2026-07-23 22:50:06] Workbook save complete.
[2026-07-23 22:50:06] Processed rows removed from source workbook queue.
[2026-07-23 22:50:06] Upload complete. 10 row(s) appended.
